Started: Thu Jun 18 10:01:06 CEST 2026

============================================================
  PtCl4_2minus  pub=2  ml=4  cas=2
============================================================
overwrite output file: /scratch/hpc-prf-qehpc/hpcmual/dmrg_scratch/asf_PtCl4_2minus/pyscf.log
  UHF E=-1955.962165  <S2>=0.0000  conv=True

--------------------------------------------------------------------------------
Calculating MP2 natural orbitals
--------------------------------------------------------------------------------


-> Selected initial orbital window of 30 electrons in 30 MP2 natural orbitals.

--------------------------------------------------------------------------------
Running calculation
--------------------------------------------------------------------------------

spin = 0, number of roots = 1
total number of roots calculated = 1


============================================================
  RuCl6_3minus  pub=5  ml=4  cas=1
============================================================
overwrite output file: /scratch/hpc-prf-qehpc/hpcmual/dmrg_scratch/asf_RuCl6_3minus/pyscf.log
  UHF E=-2850.215673  <S2>=0.7574  conv=True

--------------------------------------------------------------------------------
Calculating MP2 natural orbitals
--------------------------------------------------------------------------------


-> Selected initial orbital window of 29 electrons in 30 MP2 natural orbitals.

--------------------------------------------------------------------------------
Running calculation
--------------------------------------------------------------------------------

spin = 1, number of roots = 1
total number of roots calculated = 1


============================================================
  MoCl6_3minus  pub=3  ml=4  cas=3
============================================================
overwrite output file: /scratch/hpc-prf-qehpc/hpcmual/dmrg_scratch/asf_MoCl6_3minus/pyscf.log
  UHF E=-2823.782506  <S2>=3.7704  conv=True

--------------------------------------------------------------------------------
Calculating MP2 natural orbitals
--------------------------------------------------------------------------------


-> Selected initial orbital window of 29 electrons in 30 MP2 natural orbitals.

--------------------------------------------------------------------------------
Running calculation
--------------------------------------------------------------------------------

spin = 3, number of roots = 1
total number of roots calculated = 1


Orbital selection for state 0:

 MO    w( )    w(↑)    w(↓)    w(⇅)       S  sel
 45   0.000   0.002   0.002   0.996   0.029     
 46   0.000   0.002   0.001   0.996   0.028     
 47   0.000   0.002   0.002   0.996   0.028     
 48   0.000   0.002   0.002   0.996   0.028     
 49   0.000   0.002   0.002   0.996   0.029     
 50   0.000   0.002   0.002   0.996   0.029     
 51   0.000   0.002   0.002   0.996   0.030     
 52   0.001   0.005   0.005   0.990   0.065     
 53   0.001   0.004   0.004   0.991   0.062     
 54   0.001   0.004   0.004   0.990   0.063     
 55   0.001   0.004   0.004   0.990   0.063     
 56   0.002   0.007   0.009   0.982   0.109     
 57   0.002   0.007   0.009   0.982   0.109    a
 58   0.003   0.995   0.001   0.001   0.036    a
 59   0.003   0.995   0.001   0.001   0.035    a
 60   0.003   0.995   0.001   0.001   0.035    a
 61   0.980   0.011   0.006   0.003   0.117    a
 62   0.980   0.011   0.006   0.003   0.116     
 63   0.989   0.005   0.005   0.001   0.070     
 64   0.993   0.004   0.003   0.000   0.048     
 65   0.993   0.004   0.003   0.000   0.050     
 66   0.993   0.003   0.003   0.000   0.047     
 67   0.993   0.004   0.002   0.000   0.045     
 68   0.993   0.004   0.002   0.000   0.046     
 69   0.994   0.004   0.002   0.000   0.044     
 70   0.996   0.002   0.002   0.000   0.032     
 71   0.996   0.002   0.002   0.000   0.032     
 72   0.996   0.002   0.002   0.000   0.032     
 73   0.998   0.001   0.001   0.000   0.016     
 74   0.998   0.001   0.001   0.000   0.014     


--------------------------------------------------------------------------------
Active space selection finished
--------------------------------------------------------------------------------

-> Selected an active space of 5 electrons in 5 orbitals.

============================================================
  ReCl6_2minus  pub=3  ml=4  cas=3
============================================================
overwrite output file: /scratch/hpc-prf-qehpc/hpcmual/dmrg_scratch/asf_ReCl6_2minus/pyscf.log
  UHF E=-2833.860653  <S2>=0.7582  conv=False

--------------------------------------------------------------------------------
Calculating MP2 natural orbitals
--------------------------------------------------------------------------------


-> Selected initial orbital window of 29 electrons in 30 MP2 natural orbitals.

--------------------------------------------------------------------------------
Running calculation
--------------------------------------------------------------------------------

spin = 1, number of roots = 1
total number of roots calculated = 1


Orbital selection for state 0:

 MO    w( )    w(↑)    w(↓)    w(⇅)       S  sel
 45   0.000   0.007   0.001   0.991   0.055     
 46   0.000   0.003   0.003   0.993   0.045     
 47   0.000   0.003   0.002   0.995   0.035     
 48   0.001   0.004   0.003   0.992   0.053     
 49   0.000   0.003   0.002   0.994   0.044     
 50   0.001   0.004   0.003   0.993   0.049     
 51   0.001   0.006   0.006   0.986   0.085     
 52   0.003   0.007   0.006   0.984   0.098     
 53   0.003   0.006   0.006   0.985   0.091     
 54   0.002   0.006   0.006   0.986   0.090     
 55   0.002   0.007   0.007   0.985   0.092     
 56   0.001   0.006   0.007   0.986   0.088     
 57   0.003   0.010   0.010   0.976   0.136     
 58   0.003   0.010   0.011   0.976   0.137    a
 59   0.005   0.984   0.002   0.009   0.097    a
 60   0.970   0.013   0.012   0.005   0.166     
 61   0.970   0.014   0.011   0.005   0.167    a
 62   0.973   0.013   0.011   0.004   0.152     
 63   0.984   0.008   0.007   0.001   0.096     
 64   0.989   0.005   0.005   0.000   0.070     
 65   0.992   0.005   0.002   0.000   0.053     
 66   0.994   0.003   0.003   0.000   0.044     
 67   0.993   0.003   0.003   0.000   0.046     
 68   0.993   0.004   0.003   0.000   0.049     
 69   0.994   0.003   0.003   0.000   0.045     
 70   0.994   0.003   0.003   0.001   0.042     
 71   0.994   0.003   0.003   0.000   0.043     
 72   0.997   0.002   0.001   0.000   0.026     
 73   0.996   0.002   0.002   0.000   0.031     
 74   0.996   0.002   0.002   0.000   0.032     


--------------------------------------------------------------------------------
Active space selection finished
--------------------------------------------------------------------------------

-> Selected an active space of 3 electrons in 3 orbitals.

============================================================
  CoNH3_6_3plus  pub=6  ml=7  cas=6
============================================================
overwrite output file: /scratch/hpc-prf-qehpc/hpcmual/dmrg_scratch/asf_CoNH3_6_3plus/pyscf.log
  UHF E=-1715.976128  <S2>=0.0000  conv=True

--------------------------------------------------------------------------------
Calculating MP2 natural orbitals
--------------------------------------------------------------------------------


-> Selected initial orbital window of 30 electrons in 30 MP2 natural orbitals.

--------------------------------------------------------------------------------
Running calculation
--------------------------------------------------------------------------------

spin = 0, number of roots = 1
total number of roots calculated = 1


Orbital selection for state 0:

 MO    w( )    w(↑)    w(↓)    w(⇅)       S  sel
 27   0.001   0.004   0.004   0.992   0.053     
 28   0.001   0.006   0.006   0.987   0.082     
 29   0.001   0.006   0.006   0.987   0.081     
 30   0.001   0.005   0.005   0.990   0.063     
 31   0.001   0.007   0.007   0.985   0.089     
 32   0.001   0.006   0.006   0.988   0.076     
 33   0.001   0.006   0.006   0.988   0.077     
 34   0.001   0.006   0.006   0.987   0.079     
 35   0.001   0.006   0.006   0.987   0.081     
 36   0.001   0.008   0.008   0.983   0.100     
 37   0.004   0.011   0.011   0.975   0.140    a
 38   0.005   0.010   0.010   0.975   0.141    a
 39   0.004   0.010   0.010   0.976   0.139     
 40   0.015   0.025   0.025   0.935   0.310    a
 41   0.015   0.025   0.025   0.934   0.312    a
 42   0.918   0.032   0.032   0.018   0.370    a
 43   0.918   0.032   0.032   0.018   0.372    a
 44   0.981   0.009   0.009   0.001   0.111     
 45   0.983   0.008   0.008   0.001   0.103     
 46   0.984   0.008   0.008   0.001   0.094     
 47   0.978   0.010   0.010   0.001   0.124     
 48   0.983   0.008   0.008   0.001   0.103     
 49   0.983   0.008   0.008   0.001   0.102     
 50   0.984   0.008   0.008   0.001   0.098     
 51   0.989   0.005   0.005   0.001   0.070     
 52   0.990   0.005   0.005   0.000   0.062     
 53   0.994   0.003   0.003   0.000   0.039     
 54   0.992   0.004   0.004   0.000   0.054     
 55   0.994   0.003   0.003   0.000   0.040     
 56   0.996   0.002   0.002   0.000   0.032     


--------------------------------------------------------------------------------
Active space selection finished
--------------------------------------------------------------------------------

-> Selected an active space of 8 electrons in 6 orbitals.

============================================================
  REAL_CrCl6  pub=3  ml=3  cas=3
============================================================
overwrite output file: /scratch/hpc-prf-qehpc/hpcmual/dmrg_scratch/asf_REAL_CrCl6/pyscf.log
  UHF E=-3799.345934  <S2>=3.7847  conv=True

--------------------------------------------------------------------------------
Calculating MP2 natural orbitals
--------------------------------------------------------------------------------


-> Selected initial orbital window of 29 electrons in 30 MP2 natural orbitals.

--------------------------------------------------------------------------------
Running calculation
--------------------------------------------------------------------------------

spin = 3, number of roots = 1
total number of roots calculated = 1


Orbital selection for state 0:

 MO    w( )    w(↑)    w(↓)    w(⇅)       S  sel
 50   0.000   0.002   0.002   0.996   0.028     
 51   0.000   0.002   0.001   0.997   0.024     
 52   0.000   0.002   0.001   0.997   0.023     
 53   0.000   0.002   0.001   0.997   0.024     
 54   0.000   0.002   0.002   0.997   0.026     
 55   0.000   0.002   0.001   0.997   0.026     
 56   0.000   0.002   0.002   0.997   0.026     
 57   0.001   0.005   0.005   0.989   0.069     
 58   0.002   0.004   0.004   0.990   0.065     
 59   0.002   0.004   0.004   0.990   0.067     
 60   0.002   0.004   0.004   0.990   0.067     
 61   0.005   0.012   0.019   0.964   0.190    a
 62   0.005   0.012   0.019   0.964   0.191    a
 63   0.003   0.994   0.002   0.000   0.041    a
 64   0.003   0.994   0.002   0.001   0.042    a
 65   0.003   0.994   0.002   0.001   0.042    a
 66   0.965   0.022   0.008   0.005   0.182    a
 67   0.965   0.022   0.008   0.005   0.182    a
 68   0.989   0.005   0.005   0.001   0.068     
 69   0.993   0.003   0.003   0.001   0.050     
 70   0.993   0.003   0.003   0.001   0.049     
 71   0.992   0.004   0.004   0.001   0.054     
 72   0.993   0.005   0.002   0.000   0.049     
 73   0.993   0.005   0.002   0.000   0.049     
 74   0.993   0.005   0.002   0.000   0.050     
 75   0.996   0.002   0.002   0.000   0.031     
 76   0.996   0.002   0.002   0.000   0.032     
 77   0.996   0.002   0.002   0.000   0.032     
 78   0.995   0.002   0.002   0.000   0.034     
 79   0.995   0.002   0.002   0.000   0.033     


--------------------------------------------------------------------------------
Active space selection finished
--------------------------------------------------------------------------------

-> Selected an active space of 7 electrons in 7 orbitals.

============================================================
  REAL_FeCl4  pub=5  ml=4  cas=5
============================================================
overwrite output file: /scratch/hpc-prf-qehpc/hpcmual/dmrg_scratch/asf_REAL_FeCl4/pyscf.log
  UHF E=-3100.000219  <S2>=8.7613  conv=True

--------------------------------------------------------------------------------
Calculating MP2 natural orbitals
--------------------------------------------------------------------------------


-> Selected initial orbital window of 29 electrons in 30 MP2 natural orbitals.

--------------------------------------------------------------------------------
Running calculation
--------------------------------------------------------------------------------

spin = 5, number of roots = 1
total number of roots calculated = 1


Orbital selection for state 0:

 MO    w( )    w(↑)    w(↓)    w(⇅)       S  sel
 33   0.001   0.005   0.004   0.990   0.063     
 34   0.001   0.005   0.004   0.990   0.063     
 35   0.001   0.005   0.004   0.990   0.063     
 36   0.001   0.005   0.004   0.991   0.059     
 37   0.001   0.005   0.004   0.991   0.059     
 38   0.001   0.005   0.004   0.991   0.059     
 39   0.000   0.009   0.004   0.987   0.077     
 40   0.000   0.009   0.004   0.987   0.077     
 41   0.001   0.008   0.007   0.984   0.099     
 42   0.001   0.016   0.006   0.976   0.130    a
 43   0.002   0.016   0.006   0.977   0.130     
 44   0.002   0.015   0.006   0.977   0.129     
 45   0.002   0.986   0.001   0.011   0.083    a
 46   0.002   0.986   0.001   0.011   0.083    a
 47   0.002   0.986   0.001   0.011   0.083    a
 48   0.002   0.993   0.000   0.006   0.049    a
 49   0.002   0.992   0.000   0.006   0.050    a
 50   0.984   0.008   0.006   0.002   0.097     
 51   0.986   0.007   0.006   0.001   0.085     
 52   0.986   0.007   0.006   0.001   0.085     
 53   0.986   0.007   0.006   0.001   0.085     
 54   0.990   0.006   0.004   0.001   0.067     
 55   0.990   0.006   0.004   0.001   0.067     
 56   0.989   0.006   0.004   0.001   0.068     
 57   0.989   0.006   0.004   0.001   0.068     
 58   0.989   0.006   0.004   0.001   0.069     
 59   0.993   0.003   0.003   0.001   0.049     
 60   0.993   0.003   0.003   0.001   0.049     
 61   0.993   0.003   0.003   0.001   0.048     
 62   0.996   0.002   0.002   0.000   0.030     


--------------------------------------------------------------------------------
Active space selection finished
--------------------------------------------------------------------------------

-> Selected an active space of 7 electrons in 6 orbitals.

============================================================
  REAL_MnCl4  pub=5  ml=4  cas=5
============================================================
overwrite output file: /scratch/hpc-prf-qehpc/hpcmual/dmrg_scratch/asf_REAL_MnCl4/pyscf.log
  UHF E=-2987.375733  <S2>=8.7561  conv=True

--------------------------------------------------------------------------------
Calculating MP2 natural orbitals
--------------------------------------------------------------------------------


-> Selected initial orbital window of 29 electrons in 30 MP2 natural orbitals.

--------------------------------------------------------------------------------
Running calculation
--------------------------------------------------------------------------------

spin = 5, number of roots = 1
total number of roots calculated = 1


Orbital selection for state 0:

 MO    w( )    w(↑)    w(↓)    w(⇅)       S  sel
 33   0.000   0.004   0.003   0.992   0.051     
 34   0.000   0.004   0.003   0.992   0.052     
 35   0.000   0.004   0.003   0.992   0.051     
 36   0.000   0.004   0.003   0.992   0.051     
 37   0.000   0.004   0.003   0.992   0.052     
 38   0.000   0.004   0.004   0.992   0.052     
 39   0.000   0.004   0.004   0.992   0.052     
 40   0.000   0.004   0.004   0.992   0.052     
 41   0.001   0.006   0.006   0.986   0.086    a
 42   0.001   0.007   0.006   0.986   0.088     
 43   0.001   0.007   0.006   0.986   0.088     
 44   0.001   0.007   0.006   0.986   0.088     
 45   0.001   0.998   0.000   0.001   0.017    a
 46   0.001   0.998   0.000   0.001   0.017    a
 47   0.001   0.998   0.000   0.001   0.017    a
 48   0.001   0.999   0.000   0.001   0.012    a
 49   0.001   0.999   0.000   0.001   0.012    a
 50   0.989   0.005   0.004   0.001   0.071    a
 51   0.989   0.005   0.005   0.001   0.071     
 52   0.989   0.005   0.005   0.001   0.071     
 53   0.989   0.005   0.005   0.001   0.071     
 54   0.991   0.005   0.004   0.001   0.059     
 55   0.991   0.005   0.004   0.001   0.059     
 56   0.991   0.005   0.004   0.001   0.060     
 57   0.991   0.005   0.004   0.001   0.060     
 58   0.991   0.005   0.004   0.001   0.060     
 59   0.992   0.004   0.004   0.001   0.053     
 60   0.992   0.004   0.004   0.001   0.053     
 61   0.992   0.004   0.004   0.001   0.053     
 62   0.996   0.002   0.002   0.000   0.031     


--------------------------------------------------------------------------------
Active space selection finished
--------------------------------------------------------------------------------

-> Selected an active space of 7 electrons in 7 orbitals.

============================================================
  REAL_OsCl6  pub=4  ml=3  cas=4
============================================================
overwrite output file: /scratch/hpc-prf-qehpc/hpcmual/dmrg_scratch/asf_REAL_OsCl6/pyscf.log
  UHF E=-2846.199632  <S2>=2.0338  conv=True

--------------------------------------------------------------------------------
Calculating MP2 natural orbitals
--------------------------------------------------------------------------------


-> Selected initial orbital window of 30 electrons in 30 MP2 natural orbitals.

--------------------------------------------------------------------------------
Running calculation
--------------------------------------------------------------------------------

spin = 2, number of roots = 1
total number of roots calculated = 1


Orbital selection for state 0:

 MO    w( )    w(↑)    w(↓)    w(⇅)       S  sel
 45   0.000   0.003   0.002   0.995   0.037     
 46   0.000   0.004   0.001   0.995   0.038     
 47   0.000   0.005   0.001   0.993   0.046     
 48   0.000   0.005   0.001   0.994   0.043     
 49   0.000   0.009   0.002   0.989   0.065     
 50   0.000   0.008   0.001   0.990   0.060     
 51   0.000   0.003   0.002   0.995   0.037     
 52   0.002   0.007   0.005   0.986   0.088     
 53   0.001   0.007   0.007   0.985   0.092     
 54   0.002   0.008   0.008   0.982   0.107     
 55   0.003   0.007   0.007   0.983   0.102     
 56   0.003   0.007   0.008   0.983   0.105     
 57   0.005   0.012   0.014   0.968   0.173    a
 58   0.005   0.012   0.014   0.968   0.173    a
 59   0.004   0.978   0.003   0.015   0.123    a
 60   0.004   0.981   0.003   0.012   0.111    a
 61   0.958   0.020   0.013   0.008   0.217    a
 62   0.959   0.020   0.013   0.008   0.215    a
 63   0.981   0.009   0.008   0.001   0.110     
 64   0.989   0.005   0.006   0.000   0.070     
 65   0.991   0.006   0.003   0.000   0.059     
 66   0.992   0.005   0.002   0.000   0.053     
 67   0.993   0.003   0.003   0.000   0.046     
 68   0.992   0.004   0.003   0.000   0.052     
 69   0.993   0.004   0.003   0.000   0.050     
 70   0.994   0.003   0.003   0.000   0.040     
 71   0.994   0.003   0.003   0.000   0.040     
 72   0.994   0.003   0.003   0.000   0.040     
 73   0.997   0.002   0.001   0.000   0.023     
 74   0.996   0.002   0.002   0.000   0.028     


--------------------------------------------------------------------------------
Active space selection finished
--------------------------------------------------------------------------------

-> Selected an active space of 6 electrons in 6 orbitals.

============================================================
  REAL_FeN6  pub=6  ml=7  cas=6
============================================================
overwrite output file: /scratch/hpc-prf-qehpc/hpcmual/dmrg_scratch/asf_REAL_FeN6/pyscf.log
  UHF E=-1597.347780  <S2>=6.0667  conv=True

--------------------------------------------------------------------------------
Calculating MP2 natural orbitals
--------------------------------------------------------------------------------


-> Selected initial orbital window of 30 electrons in 30 MP2 natural orbitals.

--------------------------------------------------------------------------------
Running calculation
--------------------------------------------------------------------------------

spin = 4, number of roots = 1
total number of roots calculated = 1


Orbital selection for state 0:

 MO    w( )    w(↑)    w(↓)    w(⇅)       S  sel
 27   0.000   0.004   0.004   0.991   0.057     
 28   0.001   0.019   0.002   0.978   0.117     
 29   0.001   0.004   0.004   0.991   0.060     
 30   0.001   0.006   0.005   0.989   0.072     
 31   0.001   0.006   0.005   0.988   0.078     
 32   0.001   0.005   0.004   0.990   0.063     
 33   0.001   0.012   0.004   0.983   0.101     
 34   0.001   0.006   0.005   0.987   0.080     
 35   0.001   0.023   0.030   0.946   0.254    a
 36   0.047   0.938   0.001   0.014   0.269    a
 37   0.051   0.941   0.000   0.007   0.250    a
 38   0.001   0.026   0.006   0.967   0.165    a
 39   0.001   0.057   0.004   0.937   0.255    a
 40   0.002   0.014   0.009   0.975   0.137     
 41   0.001   0.014   0.010   0.974   0.141    a
 42   0.006   0.948   0.000   0.046   0.225    a
 43   0.006   0.944   0.000   0.049   0.236    a
 44   0.943   0.054   0.003   0.000   0.231    a
 45   0.947   0.050   0.003   0.000   0.220    a
 46   0.948   0.032   0.020   0.001   0.244    a
 47   0.974   0.015   0.009   0.001   0.140    a
 48   0.986   0.007   0.006   0.001   0.085     
 49   0.981   0.009   0.009   0.001   0.111     
 50   0.973   0.013   0.013   0.001   0.147     
 51   0.988   0.006   0.006   0.000   0.077     
 52   0.992   0.004   0.004   0.000   0.056     
 53   0.989   0.008   0.003   0.000   0.065     
 54   0.994   0.003   0.003   0.000   0.044     
 55   0.993   0.005   0.002   0.000   0.049     
 56   0.993   0.004   0.002   0.000   0.045     


--------------------------------------------------------------------------------
Active space selection finished
--------------------------------------------------------------------------------

-> Selected an active space of 12 electrons in 12 orbitals.


=================================================================
  COMPLETE ASF BENCHMARK SUMMARY
=================================================================
  System                  Pub   ML   CAS   ASF  Verdict
-----------------------------------------------------------------
  PtCl4_2minus              2    4     2   ERR  Command ' /pc2/users/h/hpcmual/activeml/scripts/block2main_wrapper.sh dmrg.conf 
  RuCl6_3minus              5    4     1   ERR  Command ' /pc2/users/h/hpcmual/activeml/scripts/block2main_wrapper.sh dmrg.conf 
  MoCl6_3minus              3    4     3   ERR  'ActiveSpace' object has no attribute 'active_indices'
  ReCl6_2minus              3    4     3   ERR  'ActiveSpace' object has no attribute 'active_indices'
  CoNH3_6_3plus             6    7     6   ERR  'ActiveSpace' object has no attribute 'active_indices'
  REAL_CrCl6                3    3     3   ERR  'ActiveSpace' object has no attribute 'active_indices'
  REAL_FeCl4                5    4     5   ERR  'ActiveSpace' object has no attribute 'active_indices'
  REAL_MnCl4                5    4     5   ERR  'ActiveSpace' object has no attribute 'active_indices'
  REAL_OsCl6                4    3     4   ERR  'ActiveSpace' object has no attribute 'active_indices'
  REAL_FeN6                 6    7     6   ERR  'ActiveSpace' object has no attribute 'active_indices'
=================================================================

  Summary → /scratch/hpc-prf-qehpc/hpcmual/dmrg_scratch/asf_all_summary.csv
Finished: Thu Jun 18 15:28:37 CEST 2026
